<area shape="rect" href="$classNotifier.html#c77040497421c3068ee9598d6e45a0a4" title="Notifier::loop" alt="" coords="240,89,344,116">
<area shape="rect" href="$messaging_8cpp.html#b365bee5dc9bc19b4aeced19e6ccc434" title="logmsgf" alt="" coords="923,64,995,91">
<area shape="rect" href="$classNotifier.html#2971cb51166f8b2d35f3fd8ee42eb94f" title="registration call to the master server to register this server" alt="" coords="400,64,571,91">
<area shape="rect" href="$classNotifier.html#0ce7762bb0c6776f45d59fddea0f1d5e" title="Notifier::sendHearbeat" alt="" coords="401,165,569,192">
<area shape="rect" href="$classNotifier.html#9dccc18f39a5684f89e29cbf3c446b48" title="call to the master server to unregister this server." alt="" coords="392,115,579,141">
<area shape="rect" href="$classNotifier.html#159eeb4f3a72e308e66900883aa8d986" title="Notifier::HTTPGET" alt="" coords="668,64,804,91">
<area shape="rect" href="$classSequencer.html#f0eef5ffbc028268fb66cb7fe49ac6b4" title="Sequencer::getHeartbeatData" alt="" coords="627,165,845,192">
<area shape="rect" href="$classNotifier.html#4c11efa31645847afcaba95e4e02f2d0" title="Notifier::HTTPPOST" alt="" coords="663,115,809,141">
<area shape="rect" href="$classVector3.html#ab345137ad0d44c5d5d4a45f1bb0d000" title="Vector3::toString" alt="" coords="893,165,1024,192">
