<area shape="rect" href="$structclient__t.html" title="A struct to hold information about a client." alt="" coords="36,199,103,225">
<area shape="rect" title="broadcaster" alt="" coords="152,127,160,135">
<area shape="rect" title="broadcaster" alt="" coords="76,195,84,203">
<area shape="rect" href="$structqueue__entry__t.html" title="queue_entry_t" alt="" coords="125,7,240,33">
<area shape="rect" title="queue" alt="" coords="179,31,187,39">
<area shape="rect" title="queue" alt="" coords="179,99,187,107">
<area shape="rect" href="$classSequencer.html" title="Sequencer" alt="" coords="172,295,263,321">
<area shape="rect" title="sequencer" alt="" coords="213,291,221,299">
<area shape="rect" title="sequencer" alt="" coords="185,127,193,135">
<area shape="rect" href="$classNotifier.html" title="Notifier" alt="" coords="165,391,235,417">
<area shape="rect" title="sequencer" alt="" coords="224,319,232,327">
<area shape="rect" title="sequencer" alt="" coords="213,387,221,395">
<area shape="rect" href="$classReceiver.html" title="Receiver" alt="" coords="43,391,120,417">
<area shape="rect" title="sequencer" alt="" coords="168,315,176,323">
<area shape="rect" title="sequencer" alt="" coords="83,387,91,395">
<area shape="rect" href="$classListener.html" title="Listener" alt="" coords="375,391,447,417">
<area shape="rect" title="sequencer" alt="" coords="249,319,257,327">
<area shape="rect" title="sequencer" alt="" coords="384,387,392,395">
<area shape="rect" title="notifier" alt="" coords="191,387,199,395">
<area shape="rect" title="notifier" alt="" coords="200,319,208,327">
<area shape="rect" title="clients" alt="" coords="88,223,96,231">
<area shape="rect" title="clients" alt="" coords="193,291,201,299">
<area shape="rect" title="receiver" alt="" coords="76,387,84,395">
<area shape="rect" title="receiver" alt="" coords="67,223,75,231">
<area shape="rect" href="$classVector3.html" title="Vector3" alt="" coords="5,103,75,129">
<area shape="rect" title="position" alt="" coords="33,127,41,135">
<area shape="rect" title="position" alt="" coords="52,195,60,203">
<area shape="rect" title="listener" alt="" coords="417,387,425,395">
<area shape="rect" title="listener" alt="" coords="259,305,267,313">
