<area shape="rect" href="$classSequencer.html#6d68200bac2b02042697355b5909a629" title="call to initiate the disconnect processes for a client." alt="" coords="232,5,397,32">
<area shape="rect" href="$messaging_8cpp.html#b365bee5dc9bc19b4aeced19e6ccc434" title="logmsgf" alt="" coords="531,56,603,83">
<area shape="rect" href="$classSequencer.html#b3d6d566fab94fb746b5a464b4da3fc1" title="Sequencer::enableFlow" alt="" coords="229,107,400,133">
<area shape="rect" href="$classSequencer.html#7aae2ccbf7acaac3b6d22087dd846d41" title="Sequencer::notifyAllVehicles" alt="" coords="215,208,415,235">
<area shape="rect" href="$classSequencer.html#dadbd3f956276e1e2c8b58c4a9dbef8c" title="Sequencer::queueMessage" alt="" coords="217,157,412,184">
<area shape="rect" href="$classMessaging.html#3099e09fceb3bee23e462c8fbfaa7a9e" title="Messaging::receivemessage" alt="" coords="213,259,416,285">
<area shape="rect" href="$classBroadcaster.html#c4ed62ee0ff93e680638825cc1314712" title="Broadcaster::queueMessage" alt="" coords="464,183,669,209">
