<area shape="rect" href="$classCSimpleOptTempl.html#ab6c7efccff782f9807b9d4c501b139d" title="CSimpleOptTempl::FindEquals" alt="" coords="241,5,452,32">
<area shape="rect" href="$classCSimpleOptTempl.html#6d64a2ee929aa5442191614cfdc7f53f" title="Query if a particular flag is set." alt="" coords="804,183,999,209">
<area shape="rect" href="$classCSimpleOptTempl.html#90380c291fd14816ac48d6d9f01deb60" title="CSimpleOptTempl::LookupOption" alt="" coords="513,107,745,133">
<area shape="rect" href="$classCSimpleOptTempl.html#d0ec3543a8272202a107ddbfee19a09d" title="Validate and return the desired number of arguments." alt="" coords="248,259,445,285">
<area shape="rect" href="$classCSimpleOptTempl.html#c43ee4c32540063ae644cbb215a17d0b" title="CSimpleOptTempl::PrepareArg" alt="" coords="520,208,739,235">
<area shape="rect" href="$classCSimpleOptTempl.html#ed9c4aad06a9a50e41fe91c0102044e3" title="CSimpleOptTempl::NextClumped" alt="" coords="229,56,464,83">
<area shape="rect" href="$classCSimpleOptTempl.html#e839959a25abd98b1757d56991536418" title="CSimpleOptTempl::ShuffleArg" alt="" coords="240,309,453,336">
<area shape="rect" href="$classCSimpleOptTempl.html#06e388266b7e1bd1cbcb08c276fc2cb1" title="CSimpleOptTempl::CalcMatch" alt="" coords="796,107,1007,133">
