<area shape="rect" href="$sequencer_8h.html" title="dev/workspace/rorserver/sequencer.h" alt="" coords="451,84,712,111">
<area shape="rect" href="$listener_8cpp.html" title="dev/workspace/rorserver/listener.cpp" alt="" coords="736,84,992,111">
<area shape="rect" href="$broadcaster_8h.html" title="dev/workspace/rorserver/broadcaster.h" alt="" coords="28,161,300,188">
<area shape="rect" href="$receiver_8h.html" title="dev/workspace/rorserver/receiver.h" alt="" coords="324,161,572,188">
<area shape="rect" href="$notifier_8h.html" title="dev/workspace/rorserver/notifier.h" alt="" coords="596,161,836,188">
<area shape="rect" href="$rorserver_8cpp.html" title="dev/workspace/rorserver/rorserver.cpp" alt="" coords="860,161,1129,188">
<area shape="rect" href="$sequencer_8cpp.html" title="dev/workspace/rorserver/sequencer.cpp" alt="" coords="1153,161,1431,188">
<area shape="rect" href="$broadcaster_8cpp.html" title="dev/workspace/rorserver/broadcaster.cpp" alt="" coords="5,239,293,265">
<area shape="rect" href="$receiver_8cpp.html" title="dev/workspace/rorserver/receiver.cpp" alt="" coords="317,239,579,265">
<area shape="rect" href="$notifier_8cpp.html" title="dev/workspace/rorserver/notifier.cpp" alt="" coords="603,239,859,265">
