<area shape="rect" href="$classSequencer.html" title="Sequencer" alt="" coords="377,199,468,225">
<area shape="rect" title="clients" alt="" coords="419,127,427,135">
<area shape="rect" title="clients" alt="" coords="419,195,427,203">
<area shape="rect" href="$classBroadcaster.html" title="TODO: Documents the broadcaster class." alt="" coords="71,295,169,321">
<area shape="rect" title="broadcaster" alt="" coords="91,291,99,299">
<area shape="rect" title="broadcaster" alt="" coords="385,113,393,121">
<area shape="rect" href="$structqueue__entry__t.html" title="queue_entry_t" alt="" coords="120,199,235,225">
<area shape="rect" title="queue" alt="" coords="143,223,151,231">
<area shape="rect" title="queue" alt="" coords="113,291,121,299">
<area shape="rect" title="sequencer" alt="" coords="373,213,381,221">
<area shape="rect" title="sequencer" alt="" coords="137,291,145,299">
<area shape="rect" href="$classNotifier.html" title="Notifier" alt="" coords="301,295,371,321">
<area shape="rect" title="sequencer" alt="" coords="373,217,381,225">
<area shape="rect" title="sequencer" alt="" coords="315,291,323,299">
<area shape="rect" href="$classListener.html" title="Listener" alt="" coords="473,295,545,321">
<area shape="rect" title="sequencer" alt="" coords="424,223,432,231">
<area shape="rect" title="sequencer" alt="" coords="479,291,487,299">
<area shape="rect" href="$classReceiver.html" title="Receiver" alt="" coords="640,295,717,321">
<area shape="rect" title="sequencer" alt="" coords="464,216,472,224">
<area shape="rect" title="sequencer" alt="" coords="656,291,664,299">
<area shape="rect" title="notifier" alt="" coords="344,291,352,299">
<area shape="rect" title="notifier" alt="" coords="404,223,412,231">
<area shape="rect" title="listener" alt="" coords="516,291,524,299">
<area shape="rect" title="listener" alt="" coords="464,219,472,227">
<area shape="rect" title="receiver" alt="" coords="681,291,689,299">
<area shape="rect" title="receiver" alt="" coords="452,117,460,125">
<area shape="rect" href="$classVector3.html" title="Vector3" alt="" coords="388,7,457,33">
<area shape="rect" title="position" alt="" coords="419,31,427,39">
<area shape="rect" title="position" alt="" coords="419,99,427,107">
