<area shape="rect" href="$structclient__t.html" title="A struct to hold information about a client." alt="" coords="167,103,233,129">
<area shape="rect" title="receiver" alt="" coords="285,31,293,39">
<area shape="rect" title="receiver" alt="" coords="212,99,220,107">
<area shape="rect" href="$classSequencer.html" title="Sequencer" alt="" coords="288,199,379,225">
<area shape="rect" title="sequencer" alt="" coords="328,195,336,203">
<area shape="rect" title="sequencer" alt="" coords="305,31,313,39">
<area shape="rect" href="$classNotifier.html" title="Notifier" alt="" coords="487,295,556,321">
<area shape="rect" title="sequencer" alt="" coords="375,213,383,221">
<area shape="rect" title="sequencer" alt="" coords="517,291,525,299">
<area shape="rect" href="$classBroadcaster.html" title="TODO: Documents the broadcaster class." alt="" coords="119,295,217,321">
<area shape="rect" title="sequencer" alt="" coords="284,220,292,228">
<area shape="rect" title="sequencer" alt="" coords="175,291,183,299">
<area shape="rect" href="$classListener.html" title="Listener" alt="" coords="321,295,393,321">
<area shape="rect" title="sequencer" alt="" coords="312,223,320,231">
<area shape="rect" title="sequencer" alt="" coords="323,291,331,299">
<area shape="rect" title="notifier" alt="" coords="497,291,505,299">
<area shape="rect" title="notifier" alt="" coords="369,223,377,231">
<area shape="rect" title="clients" alt="" coords="215,127,223,135">
<area shape="rect" title="clients" alt="" coords="308,195,316,203">
<area shape="rect" title="broadcaster" alt="" coords="167,291,175,299">
<area shape="rect" title="broadcaster" alt="" coords="193,127,201,135">
<area shape="rect" href="$structqueue__entry__t.html" title="queue_entry_t" alt="" coords="5,199,120,225">
<area shape="rect" title="queue" alt="" coords="68,223,76,231">
<area shape="rect" title="queue" alt="" coords="140,291,148,299">
<area shape="rect" href="$classVector3.html" title="Vector3" alt="" coords="147,7,216,33">
<area shape="rect" title="position" alt="" coords="176,31,184,39">
<area shape="rect" title="position" alt="" coords="188,99,196,107">
<area shape="rect" title="listener" alt="" coords="364,291,372,299">
<area shape="rect" title="listener" alt="" coords="352,223,360,231">
