<area shape="rect" href="$classSequencer.html" title="Sequencer" alt="" coords="173,103,264,129">
<area shape="rect" title="notifier" alt="" coords="191,31,199,39">
<area shape="rect" title="notifier" alt="" coords="191,99,199,107">
<area shape="rect" title="sequencer" alt="" coords="219,99,227,107">
<area shape="rect" title="sequencer" alt="" coords="219,31,227,39">
<area shape="rect" href="$classBroadcaster.html" title="TODO: Documents the broadcaster class." alt="" coords="349,199,448,225">
<area shape="rect" title="sequencer" alt="" coords="247,127,255,135">
<area shape="rect" title="sequencer" alt="" coords="372,195,380,203">
<area shape="rect" href="$classReceiver.html" title="Receiver" alt="" coords="5,199,83,225">
<area shape="rect" title="sequencer" alt="" coords="169,117,177,125">
<area shape="rect" title="sequencer" alt="" coords="39,195,47,203">
<area shape="rect" href="$classListener.html" title="Listener" alt="" coords="145,199,217,225">
<area shape="rect" title="sequencer" alt="" coords="169,120,177,128">
<area shape="rect" title="sequencer" alt="" coords="149,195,157,203">
<area shape="rect" href="$structclient__t.html" title="A struct to hold information about a client." alt="" coords="291,295,357,321">
<area shape="rect" title="clients" alt="" coords="316,291,324,299">
<area shape="rect" title="clients" alt="" coords="233,127,241,135">
<area shape="rect" title="broadcaster" alt="" coords="383,223,391,231">
<area shape="rect" title="broadcaster" alt="" coords="331,291,339,299">
<area shape="rect" href="$structqueue__entry__t.html" title="queue_entry_t" alt="" coords="369,103,484,129">
<area shape="rect" title="queue" alt="" coords="419,127,427,135">
<area shape="rect" title="queue" alt="" coords="399,195,407,203">
<area shape="rect" title="receiver" alt="" coords="79,221,87,229">
<area shape="rect" title="receiver" alt="" coords="287,292,295,300">
<area shape="rect" href="$classVector3.html" title="Vector3" alt="" coords="472,199,541,225">
<area shape="rect" title="position" alt="" coords="492,223,500,231">
<area shape="rect" title="position" alt="" coords="353,299,361,307">
<area shape="rect" title="listener" alt="" coords="183,195,191,203">
<area shape="rect" title="listener" alt="" coords="209,127,217,135">
