<area shape="rect" href="$classNotifier.html" title="Notifier" alt="" coords="175,103,244,129">
<area shape="rect" title="sequencer" alt="" coords="217,28,225,36">
<area shape="rect" title="sequencer" alt="" coords="183,99,191,107">
<area shape="rect" href="$classBroadcaster.html" title="TODO: Documents the broadcaster class." alt="" coords="497,103,596,129">
<area shape="rect" title="sequencer" alt="" coords="308,23,316,31">
<area shape="rect" title="sequencer" alt="" coords="523,99,531,107">
<area shape="rect" href="$classReceiver.html" title="Receiver" alt="" coords="396,103,473,129">
<area shape="rect" title="sequencer" alt="" coords="295,31,303,39">
<area shape="rect" title="sequencer" alt="" coords="411,99,419,107">
<area shape="rect" href="$classListener.html" title="Listener" alt="" coords="7,103,79,129">
<area shape="rect" title="sequencer" alt="" coords="217,20,225,28">
<area shape="rect" title="sequencer" alt="" coords="25,99,33,107">
<area shape="rect" title="notifier" alt="" coords="216,99,224,107">
<area shape="rect" title="notifier" alt="" coords="256,31,264,39">
<area shape="rect" href="$structclient__t.html" title="A struct to hold information about a client." alt="" coords="453,199,520,225">
<area shape="rect" title="clients" alt="" coords="449,195,457,203">
<area shape="rect" title="clients" alt="" coords="273,31,281,39">
<area shape="rect" title="broadcaster" alt="" coords="533,127,541,135">
<area shape="rect" title="broadcaster" alt="" coords="491,195,499,203">
<area shape="rect" href="$structqueue__entry__t.html" title="queue_entry_t" alt="" coords="513,7,628,33">
<area shape="rect" title="queue" alt="" coords="563,31,571,39">
<area shape="rect" title="queue" alt="" coords="545,99,553,107">
<area shape="rect" title="receiver" alt="" coords="433,127,441,135">
<area shape="rect" title="receiver" alt="" coords="467,195,475,203">
<area shape="rect" href="$classVector3.html" title="Vector3" alt="" coords="620,103,689,129">
<area shape="rect" title="position" alt="" coords="641,127,649,135">
<area shape="rect" title="position" alt="" coords="516,203,524,211">
<area shape="rect" title="listener" alt="" coords="52,99,60,107">
<area shape="rect" title="listener" alt="" coords="217,23,225,31">
