<area shape="rect" href="$rorserver_8cpp.html#594a71300bd4a44afeb86d74987b0948" title="getPublicIP" alt="" coords="153,5,247,32">
<area shape="rect" href="$rorserver_8cpp.html#653c8fb5d49b922f9a5e17b19b7514a5" title="getRandomPort" alt="" coords="137,56,263,83">
<area shape="rect" href="$rorserver_8cpp.html#6eb8681920ccf82bd78faf603060ddfd" title="handler" alt="" coords="359,107,428,133">
<area shape="rect" href="$classSequencer.html#17ed9ace164a94ced5e7c571f4387997" title="Sequencer::notifyRoutine" alt="" coords="108,157,292,184">
<area shape="rect" href="$rorserver_8cpp.html#56f1ca1f43978e50a52750ceb2f393b6" title="showUsage" alt="" coords="152,208,248,235">
<area shape="rect" href="$messaging_8cpp.html#b365bee5dc9bc19b4aeced19e6ccc434" title="logmsgf" alt="" coords="1024,183,1096,209">
<area shape="rect" href="$classNotifier.html#9dccc18f39a5684f89e29cbf3c446b48" title="call to the master server to unregister this server." alt="" coords="493,107,680,133">
<area shape="rect" href="$classNotifier.html#159eeb4f3a72e308e66900883aa8d986" title="Notifier::HTTPGET" alt="" coords="769,157,905,184">
<area shape="rect" href="$classNotifier.html#c77040497421c3068ee9598d6e45a0a4" title="Notifier::loop" alt="" coords="341,157,445,184">
<area shape="rect" href="$classNotifier.html#2971cb51166f8b2d35f3fd8ee42eb94f" title="registration call to the master server to register this server" alt="" coords="501,157,672,184">
<area shape="rect" href="$classNotifier.html#0ce7762bb0c6776f45d59fddea0f1d5e" title="Notifier::sendHearbeat" alt="" coords="503,259,671,285">
<area shape="rect" href="$classSequencer.html#f0eef5ffbc028268fb66cb7fe49ac6b4" title="Sequencer::getHeartbeatData" alt="" coords="728,309,947,336">
<area shape="rect" href="$classNotifier.html#4c11efa31645847afcaba95e4e02f2d0" title="Notifier::HTTPPOST" alt="" coords="764,259,911,285">
<area shape="rect" href="$classVector3.html#ab345137ad0d44c5d5d4a45f1bb0d000" title="Vector3::toString" alt="" coords="995,309,1125,336">
