<area shape="rect" href="$broadcaster_8h.html" title="dev/workspace/rorserver/broadcaster.h" alt="" coords="35,84,307,111">
<area shape="rect" href="$listener_8h.html" title="dev/workspace/rorserver/listener.h" alt="" coords="331,84,573,111">
<area shape="rect" href="$receiver_8h.html" title="dev/workspace/rorserver/receiver.h" alt="" coords="597,84,845,111">
<area shape="rect" href="$notifier_8h.html" title="dev/workspace/rorserver/notifier.h" alt="" coords="869,84,1109,111">
<area shape="rect" href="$rorserver_8cpp.html" title="dev/workspace/rorserver/rorserver.cpp" alt="" coords="1133,84,1403,111">
<area shape="rect" href="$sequencer_8cpp.html" title="dev/workspace/rorserver/sequencer.cpp" alt="" coords="1427,84,1704,111">
<area shape="rect" href="$broadcaster_8cpp.html" title="dev/workspace/rorserver/broadcaster.cpp" alt="" coords="5,161,293,188">
<area shape="rect" href="$listener_8cpp.html" title="dev/workspace/rorserver/listener.cpp" alt="" coords="317,161,573,188">
<area shape="rect" href="$receiver_8cpp.html" title="dev/workspace/rorserver/receiver.cpp" alt="" coords="597,161,859,188">
<area shape="rect" href="$notifier_8cpp.html" title="dev/workspace/rorserver/notifier.cpp" alt="" coords="883,161,1139,188">
