<area shape="rect" href="$sequencer_8h.html" title="dev/workspace/rorserver/sequencer.h" alt="" coords="591,84,852,111">
<area shape="rect" href="$broadcaster_8h.html" title="dev/workspace/rorserver/broadcaster.h" alt="" coords="35,161,307,188">
<area shape="rect" href="$listener_8h.html" title="dev/workspace/rorserver/listener.h" alt="" coords="331,161,573,188">
<area shape="rect" href="$receiver_8h.html" title="dev/workspace/rorserver/receiver.h" alt="" coords="597,161,845,188">
<area shape="rect" href="$notifier_8h.html" title="dev/workspace/rorserver/notifier.h" alt="" coords="869,161,1109,188">
<area shape="rect" href="$rorserver_8cpp.html" title="dev/workspace/rorserver/rorserver.cpp" alt="" coords="1133,161,1403,188">
<area shape="rect" href="$sequencer_8cpp.html" title="dev/workspace/rorserver/sequencer.cpp" alt="" coords="1427,161,1704,188">
<area shape="rect" href="$broadcaster_8cpp.html" title="dev/workspace/rorserver/broadcaster.cpp" alt="" coords="5,239,293,265">
<area shape="rect" href="$listener_8cpp.html" title="dev/workspace/rorserver/listener.cpp" alt="" coords="317,239,573,265">
<area shape="rect" href="$receiver_8cpp.html" title="dev/workspace/rorserver/receiver.cpp" alt="" coords="597,239,859,265">
<area shape="rect" href="$notifier_8cpp.html" title="dev/workspace/rorserver/notifier.cpp" alt="" coords="883,239,1139,265">
